// Jest Snapshot v1, https://goo.gl/fbAQLP

exports[`expect to render <Card /> component 1`] = `
<div
  className="card"
  style={
    Object {
      "width": "15rem",
    }
  }
>
  <img
    alt=""
    className="card-img-top"
    src="https://robohash.org/undefined?size=200x200"
  />
  <div
    className="card-body"
  >
    <h2
      className="card-title"
    />
    <p
      className="card-text"
    />
  </div>
</div>
`;
